Resolved 50 video IDs to process (workers=4)

[1jHMmXKc924] Analisi della Legge di Bilancio: quali fondi per la Sanità?
[PTjvhzcGMD0] Come sarà la Sanità del Futuro? con Skeptical Health
  whisper: cached
  whisper: cached
[LysNxK2RY5U] Come sta l'università italiana? - con Ranieri Bizzarri
  distill...
  distill...
[zQ88HKcUoSo] Conosciamo i MEDICI di medicina GENERALE
  whisper: cached
  distill...
  whisper: cached
  distill...
[LysNxK2RY5U] DONE
[wFpvG7vfzQg] Digitalizziamo o No la Sanità?
  whisper: cached
  distill...
[PTjvhzcGMD0] DONE
[XBIrrKcBvhY] Esplorando il Sistema Sanitario Italiano: Traiettorie e sfid
  whisper: cached
  distill...
[XBIrrKcBvhY] DONE
[jbgLTfUDIeQ] I problemi della GIUSTIZIA italiana: con Nicolò Sesta
  whisper: cached
  distill...
[wFpvG7vfzQg] DONE
[YeYSarq-VvA] La crisi del personale sanitario
  whisper: cached
  distill...
[zQ88HKcUoSo] DONE
[VgYqswx9CBE] Le criticità del SSN: il personale sanitario - POLICY
  whisper: cached
  distill...
[1jHMmXKc924] DONE
[yU3ujuiE0tI] Le radici del presente: salari, crisi universitaria e il dil
  whisper: cached
  distill...
[VgYqswx9CBE] DONE
[ItwhAbsRt-U] Liste d'attesa: Schillaci mira all'intramoenia. Basta con il
  whisper: cached
  distill...
[YeYSarq-VvA] DONE
[2ASG8eJ6AZc] Lo stato della sanità italiana analizzato dal Prof. Meriglia
  whisper: cached
  distill...
[jbgLTfUDIeQ] DONE
[h08-LN50rk4] Non basta curare: perché il futuro della politica è la preve
  whisper: cached
  distill...
[2ASG8eJ6AZc] DONE
[nQihdcc1UnI] Parliamo di Sanità
  whisper: cached
  distill...
[h08-LN50rk4] DONE
[8tb7kAaWuRA] Pisa - IL CORAGGIO DELL'OVVIO: Università e ricerca, uno sla
  whisper...
[yU3ujuiE0tI] DONE
[Z0g3jO-xPAs] Presentazione Tesi - Cultura, Sport, Turismo
  whisper: cached
  distill...
[ItwhAbsRt-U] DONE
[1ewWgRefDZA] Presentazione Tesi - Diritti civili, Pari opportunità, Inclu
  whisper: cached
  distill...
[nQihdcc1UnI] DONE
[4CeywmWehiA] Presentazione Tesi - Esteri e Relazioni Internazionali
  whisper: cached
  distill...
[Z0g3jO-xPAs] DONE
[ZngxcBmM4pA] Presentazione Tesi - Giustizia
  whisper: cached
  distill...
[1ewWgRefDZA] DONE
[LgtMHPsM6Zk] Presentazione Tesi - Governance, Riforme istituzionali ed el
  whisper: cached
  distill...
[4CeywmWehiA] DONE
[w9PupB72_Vg] Presentazione Tesi - Innovazione e Crescita
  whisper: cached
  distill...
[LgtMHPsM6Zk] DONE
[MMHssSHUlKM] Presentazione Tesi - Interni
  whisper: cached
  distill...
[ZngxcBmM4pA] DONE
[UK48hXhFQ6c] Presentazione Tesi - Istruzione
  whisper: cached
  distill...
[w9PupB72_Vg] DONE
[c3tMqjcoJvQ] Presentazione Tesi - Lavoro e Politiche Sociali
  whisper: cached
  distill...
[UK48hXhFQ6c] DONE
[7_ZEGOGLenM] Presentazione Tesi - Salute e Servizi Sanitari
  whisper: cached
  distill...
[MMHssSHUlKM] DONE
[qmo7GtfvKM4] Presentazione Tesi - Sviluppo Economico e Politica Industria
  whisper: cached
  distill...
[c3tMqjcoJvQ] DONE
[S0w8peX4UjI] Presentazione Tesi - Università e Ricerca
  whisper: cached
  distill...
[7_ZEGOGLenM] DONE
[y4xPFzM25Tc] Prevenire è meglio
  whisper: cached
  distill...
[qmo7GtfvKM4] DONE
[1P-Z5kRH2Ug] Quanto tiriamo fuori dal portafoglio per CURARCI? Facciamo c
  whisper: cached
  distill...
[y4xPFzM25Tc] DONE
[xlUaAxFGeOA] SSN in Codice Rosso! Dialogo tra Stefano Merigliano e Albert
  whisper: cached
  distill...
[1P-Z5kRH2Ug] DONE
[eF-nN72qMgU] Sistema Sanitario Nazionale: bene comune o costo insostenibi
  whisper: cached
  distill...
[S0w8peX4UjI] DONE
[y3t2CJQqSAE] Studio Medico Politico Dr. Merigliano - La sanità italiana n
  whisper: cached
  distill...
[xlUaAxFGeOA] DONE
[H5iuLjHKOoc] Tesi Programmatiche di ORA!: Agricoltura, Foreste e Sviluppo
  whisper: cached
  distill...
[y3t2CJQqSAE] DONE
[qDjnZfiVWC4] Tesi Programmatiche di ORA!: Diritti Civili
  whisper: cached
  distill...
[eF-nN72qMgU] DONE
[1B-l8LWq1pw] Tesi Programmatiche di ORA!: Energia, Ambiente e Sostenibili
  whisper: cached
  distill...
[H5iuLjHKOoc] DONE
[Mc41tvKhWQY] Tesi Programmatiche di ORA!: Esteri e Difesa
  whisper: cached
  distill...
[qDjnZfiVWC4] DONE
[PqmsuwPVhx8] Tesi Programmatiche di ORA!: Giustizia
  whisper: cached
  distill...
[1B-l8LWq1pw] DONE
[N_jydqv8QXI] Tesi Programmatiche di ORA!: Innovazione
  whisper: cached
  distill...
C:\Users\ricca\AppData\Local\Programs\Python\Python313\Lib\site-packages\pydantic\main.py:475: UserWarning: Pydantic serializer warnings:
  PydanticSerializationUnexpectedValue(Expected `str` - serialized value may not be as expected [field_name='duration', input_value=6603.18994140625, input_type=float])
  return self.__pydantic_serializer__.to_python(
  distill...
[PqmsuwPVhx8] DONE
[hqb5NQ7FZks] Tesi Programmatiche di ORA!: Istruzione
  whisper: cached
  distill...
[Mc41tvKhWQY] DONE
[4OxwOXjdp0E] Tesi Programmatiche di ORA!: Lavoro e Politiche Sociali
  whisper: cached
  distill...
[N_jydqv8QXI] DONE
[zdLdYlZqNjI] Tesi Programmatiche di ORA!: Pari opportunità e Inclusione
  whisper: cached
  distill...
[hqb5NQ7FZks] DONE
[oLQKVTBgnl4] Tesi Programmatiche di ORA!: Sanità
  whisper: cached
  distill...
[8tb7kAaWuRA] DONE
[e_VFkzB9Dz8] Tesi Programmatiche di ORA!: Spesa Pubblica
  whisper: cached
  distill...
[4OxwOXjdp0E] DONE
[2Lqd9B-hcl0] Tesi Programmatiche di ORA!: Sviluppo Economico
  whisper: cached
  distill...
[zdLdYlZqNjI] DONE
[k4hAY723b8g] Tesi Programmatiche di ORA!: Tassazione e Fiscalità
  whisper: cached
  distill...
[oLQKVTBgnl4] DONE
[LSIBU1Yeltw] Tesi Programmatiche di ORA!: Unione Europea
  whisper: cached
  distill...
[2Lqd9B-hcl0] DONE
[dMQ3_L9Vsms] Tesi Programmatiche di ORA!: Università
  whisper: cached
  distill...
[e_VFkzB9Dz8] DONE
[2gPMBT6lIBs] Tesi programmatiche di ORA!: Immigrazione
  whisper: cached
  distill...
[k4hAY723b8g] DONE
[o0suYIitBrQ] Tra giustizia e politica: un dialogo con Sabino Cassese
  whisper: cached
  distill...
[LSIBU1Yeltw] DONE
[uCOwoEwt1VY] Università e impresa: come nasce l’innovazione.
  whisper: cached
  distill...
[dMQ3_L9Vsms] DONE
[2gPMBT6lIBs] DONE
[o0suYIitBrQ] DONE
[uCOwoEwt1VY] DONE

=== Summary ===
Success: 50/50
