[8nq_J0zjeeU] START Pensieri del Segretario - Venerdi 17 aprile, 2026
[zkKWE_TaMb8] START Il disegno di legge sull'antisemitismo
[o0T12MTpjq0] START ORA! e il Centro
C:\Users\ricca\AppData\Local\Programs\Python\Python313\Lib\site-packages\pydantic\main.py:475: UserWarning: Pydantic serializer warnings:
  PydanticSerializationUnexpectedValue(Expected `str` - serialized value may not be as expected [field_name='duration', input_value=1978.6400146484375, input_type=float])
  return self.__pydantic_serializer__.to_python(
[zkKWE_TaMb8] DONE  ok (3982 words)
[hRu-fAxjXac] START ORA! e la Sinistra
C:\Users\ricca\AppData\Local\Programs\Python\Python313\Lib\site-packages\pydantic\main.py:475: UserWarning: Pydantic serializer warnings:
  PydanticSerializationUnexpectedValue(Expected `str` - serialized value may not be as expected [field_name='duration', input_value=2752.669921875, input_type=float])
  return self.__pydantic_serializer__.to_python(
[o0T12MTpjq0] DONE  ok (5729 words)
[1W923OiTvLg] START ORA! e la Destra
C:\Users\ricca\AppData\Local\Programs\Python\Python313\Lib\site-packages\pydantic\main.py:475: UserWarning: Pydantic serializer warnings:
  PydanticSerializationUnexpectedValue(Expected `str` - serialized value may not be as expected [field_name='duration', input_value=2778.18994140625, input_type=float])
  return self.__pydantic_serializer__.to_python(
[8nq_J0zjeeU] DONE  ok (5578 words)
[gOOs1IARIQg] START Dove sei stato cosa hai fatto mai? AF&MB
C:\Users\ricca\AppData\Local\Programs\Python\Python313\Lib\site-packages\pydantic\main.py:475: UserWarning: Pydantic serializer warnings:
  PydanticSerializationUnexpectedValue(Expected `str` - serialized value may not be as expected [field_name='duration', input_value=2010.3800048828125, input_type=float])
  return self.__pydantic_serializer__.to_python(
[hRu-fAxjXac] DONE  ok (4425 words)
C:\Users\ricca\AppData\Local\Programs\Python\Python313\Lib\site-packages\pydantic\main.py:475: UserWarning: Pydantic serializer warnings:
  PydanticSerializationUnexpectedValue(Expected `str` - serialized value may not be as expected [field_name='duration', input_value=1826.9599609375, input_type=float])
  return self.__pydantic_serializer__.to_python(
[1W923OiTvLg] DONE  ok (3825 words)
C:\Users\ricca\AppData\Local\Programs\Python\Python313\Lib\site-packages\pydantic\main.py:475: UserWarning: Pydantic serializer warnings:
  PydanticSerializationUnexpectedValue(Expected `str` - serialized value may not be as expected [field_name='duration', input_value=2914.6298828125, input_type=float])
  return self.__pydantic_serializer__.to_python(
[gOOs1IARIQg] DONE  ok (5363 words)

=== Summary ===
Success: 6/6
  [zkKWE_TaMb8] ok: Il disegno di legge sull'antisemitismo (3982 words)
  [o0T12MTpjq0] ok: ORA! e il Centro (5729 words)
  [8nq_J0zjeeU] ok: Pensieri del Segretario - Venerdi 17 aprile, 2026 (5578 words)
  [hRu-fAxjXac] ok: ORA! e la Sinistra (4425 words)
  [1W923OiTvLg] ok: ORA! e la Destra (3825 words)
  [gOOs1IARIQg] ok: Dove sei stato cosa hai fatto mai? AF&MB (5363 words)
